Archive member included to satisfy reference by file (symbol)

/usr/local/Caskroom/gcc-arm-embedded/7-2017-q4-major/gcc-arm-none-eabi-7-2017-q4-major/bin/../lib/gcc/arm-none-eabi/7.2.1/thumb/v6-m/libgcc.a(_udivsi3.o)
                              build/obj/hal_usb_lld.o (__aeabi_uidiv)
/usr/local/Caskroom/gcc-arm-embedded/7-2017-q4-major/gcc-arm-none-eabi-7-2017-q4-major/bin/../lib/gcc/arm-none-eabi/7.2.1/thumb/v6-m/libgcc.a(_divsi3.o)
                              build/obj/usb_main.o (__aeabi_idiv)
/usr/local/Caskroom/gcc-arm-embedded/7-2017-q4-major/gcc-arm-none-eabi-7-2017-q4-major/bin/../lib/gcc/arm-none-eabi/7.2.1/thumb/v6-m/libgcc.a(_dvmd_tls.o)
                              /usr/local/Caskroom/gcc-arm-embedded/7-2017-q4-major/gcc-arm-none-eabi-7-2017-q4-major/bin/../lib/gcc/arm-none-eabi/7.2.1/thumb/v6-m/libgcc.a(_udivsi3.o) (__aeabi_idiv0)
/usr/local/Caskroom/gcc-arm-embedded/7-2017-q4-major/gcc-arm-none-eabi-7-2017-q4-major/bin/../lib/gcc/arm-none-eabi/7.2.1/thumb/v6-m/libgcc.a(_arm_cmpsf2.o)
                              build/obj/chprintf.o (__aeabi_fcmplt)
/usr/local/Caskroom/gcc-arm-embedded/7-2017-q4-major/gcc-arm-none-eabi-7-2017-q4-major/bin/../lib/gcc/arm-none-eabi/7.2.1/thumb/v6-m/libgcc.a(eqsf2.o)
                              /usr/local/Caskroom/gcc-arm-embedded/7-2017-q4-major/gcc-arm-none-eabi-7-2017-q4-major/bin/../lib/gcc/arm-none-eabi/7.2.1/thumb/v6-m/libgcc.a(_arm_cmpsf2.o) (__eqsf2)
/usr/local/Caskroom/gcc-arm-embedded/7-2017-q4-major/gcc-arm-none-eabi-7-2017-q4-major/bin/../lib/gcc/arm-none-eabi/7.2.1/thumb/v6-m/libgcc.a(gesf2.o)
                              /usr/local/Caskroom/gcc-arm-embedded/7-2017-q4-major/gcc-arm-none-eabi-7-2017-q4-major/bin/../lib/gcc/arm-none-eabi/7.2.1/thumb/v6-m/libgcc.a(_arm_cmpsf2.o) (__gesf2)
/usr/local/Caskroom/gcc-arm-embedded/7-2017-q4-major/gcc-arm-none-eabi-7-2017-q4-major/bin/../lib/gcc/arm-none-eabi/7.2.1/thumb/v6-m/libgcc.a(lesf2.o)
                              /usr/local/Caskroom/gcc-arm-embedded/7-2017-q4-major/gcc-arm-none-eabi-7-2017-q4-major/bin/../lib/gcc/arm-none-eabi/7.2.1/thumb/v6-m/libgcc.a(_arm_cmpsf2.o) (__lesf2)
/usr/local/Caskroom/gcc-arm-embedded/7-2017-q4-major/gcc-arm-none-eabi-7-2017-q4-major/bin/../lib/gcc/arm-none-eabi/7.2.1/thumb/v6-m/libgcc.a(fixsfsi.o)
                              build/obj/chprintf.o (__aeabi_f2iz)
/usr/local/Caskroom/gcc-arm-embedded/7-2017-q4-major/gcc-arm-none-eabi-7-2017-q4-major/bin/../lib/gcc/arm-none-eabi/7.2.1/thumb/v6-m/libgcc.a(muldf3.o)
                              build/obj/chprintf.o (__aeabi_dmul)
/usr/local/Caskroom/gcc-arm-embedded/7-2017-q4-major/gcc-arm-none-eabi-7-2017-q4-major/bin/../lib/gcc/arm-none-eabi/7.2.1/thumb/v6-m/libgcc.a(subdf3.o)
                              build/obj/chprintf.o (__aeabi_dsub)
/usr/local/Caskroom/gcc-arm-embedded/7-2017-q4-major/gcc-arm-none-eabi-7-2017-q4-major/bin/../lib/gcc/arm-none-eabi/7.2.1/thumb/v6-m/libgcc.a(fixdfsi.o)
                              build/obj/chprintf.o (__aeabi_d2iz)
/usr/local/Caskroom/gcc-arm-embedded/7-2017-q4-major/gcc-arm-none-eabi-7-2017-q4-major/bin/../lib/gcc/arm-none-eabi/7.2.1/thumb/v6-m/libgcc.a(floatsidf.o)
                              build/obj/chprintf.o (__aeabi_i2d)
/usr/local/Caskroom/gcc-arm-embedded/7-2017-q4-major/gcc-arm-none-eabi-7-2017-q4-major/bin/../lib/gcc/arm-none-eabi/7.2.1/thumb/v6-m/libgcc.a(floatunsidf.o)
                              build/obj/chprintf.o (__aeabi_ui2d)
/usr/local/Caskroom/gcc-arm-embedded/7-2017-q4-major/gcc-arm-none-eabi-7-2017-q4-major/bin/../lib/gcc/arm-none-eabi/7.2.1/thumb/v6-m/libgcc.a(extendsfdf2.o)
                              build/obj/chprintf.o (__aeabi_f2d)
/usr/local/Caskroom/gcc-arm-embedded/7-2017-q4-major/gcc-arm-none-eabi-7-2017-q4-major/bin/../lib/gcc/arm-none-eabi/7.2.1/thumb/v6-m/libgcc.a(truncdfsf2.o)
                              build/obj/chprintf.o (__aeabi_d2f)
/usr/local/Caskroom/gcc-arm-embedded/7-2017-q4-major/gcc-arm-none-eabi-7-2017-q4-major/bin/../lib/gcc/arm-none-eabi/7.2.1/thumb/v6-m/libgcc.a(_clzsi2.o)
                              /usr/local/Caskroom/gcc-arm-embedded/7-2017-q4-major/gcc-arm-none-eabi-7-2017-q4-major/bin/../lib/gcc/arm-none-eabi/7.2.1/thumb/v6-m/libgcc.a(muldf3.o) (__clzsi2)
/usr/local/Caskroom/gcc-arm-embedded/7-2017-q4-major/gcc-arm-none-eabi-7-2017-q4-major/bin/../lib/gcc/arm-none-eabi/7.2.1/../../../../arm-none-eabi/lib/thumb/v6-m/libg.a(lib_a-memcpy-stub.o)
                              build/obj/hal_buffers.o (memcpy)
/usr/local/Caskroom/gcc-arm-embedded/7-2017-q4-major/gcc-arm-none-eabi-7-2017-q4-major/bin/../lib/gcc/arm-none-eabi/7.2.1/../../../../arm-none-eabi/lib/thumb/v6-m/libg.a(lib_a-memset.o)
                              build/obj/hal_usb.o (memset)
/usr/local/Caskroom/gcc-arm-embedded/7-2017-q4-major/gcc-arm-none-eabi-7-2017-q4-major/bin/../lib/gcc/arm-none-eabi/7.2.1/../../../../arm-none-eabi/lib/thumb/v6-m/libg.a(lib_a-strcmp.o)
                              build/obj/chregistry.o (strcmp)

[...]
Memory Configuration

Name             Origin             Length             Attributes
flash0           0x0000000000000000 0x0000000000000100
flash1           0x0000000000000400 0x0000000000000010
flash2           0x0000000000000410 0x000000000000f3f0
flash3           0x000000000000f800 0x0000000000000800
flash4           0x0000000000000000 0x0000000000000000
flash5           0x0000000000000000 0x0000000000000000
flash6           0x0000000000000000 0x0000000000000000
flash7           0x0000000000000000 0x0000000000000000
ram0             0x000000001ffff800 0x0000000000002000
ram1             0x0000000000000000 0x0000000000000000
ram2             0x0000000000000000 0x0000000000000000
ram3             0x0000000000000000 0x0000000000000000
ram4             0x0000000000000000 0x0000000000000000
ram5             0x0000000000000000 0x0000000000000000
ram6             0x0000000000000000 0x0000000000000000
ram7             0x0000000000000000 0x0000000000000000
*default*        0x0000000000000000 0xffffffffffffffff

Linker script and memory map

LOAD build/obj/crt0_v6m.o
LOAD build/obj/chcoreasm_v6m.o
LOAD build/obj/crt1.o
LOAD build/obj/vectors.o
LOAD build/obj/chsys.o
LOAD build/obj/chdebug.o
LOAD build/obj/chtrace.o
LOAD build/obj/chvt.o
LOAD build/obj/chschd.o
LOAD build/obj/chthreads.o
LOAD build/obj/chregistry.o
LOAD build/obj/chsem.o
LOAD build/obj/chmtx.o
LOAD build/obj/chcond.o
LOAD build/obj/chevents.o
LOAD build/obj/chmsg.o
LOAD build/obj/chdynamic.o
LOAD build/obj/chmboxes.o
LOAD build/obj/chmemcore.o
LOAD build/obj/chheap.o
LOAD build/obj/chmempools.o
LOAD build/obj/chcore.o
LOAD build/obj/chcore_v6m.o
LOAD build/obj/osal.o
LOAD build/obj/hal.o
LOAD build/obj/hal_st.o
LOAD build/obj/hal_buffers.o
LOAD build/obj/hal_queues.o
LOAD build/obj/hal_mmcsd.o
LOAD build/obj/hal_pal.o
LOAD build/obj/hal_usb.o
LOAD build/obj/nvic.o
LOAD build/obj/hal_lld.o
LOAD build/obj/hal_pal_lld.o
LOAD build/obj/hal_serial_lld.o
LOAD build/obj/hal_i2c_lld.o
LOAD build/obj/hal_ext_lld.o
LOAD build/obj/hal_adc_lld.o
LOAD build/obj/hal_gpt_lld.o
LOAD build/obj/hal_pwm_lld.o
LOAD build/obj/hal_st_lld.o
LOAD build/obj/hal_usb_lld.o
LOAD build/obj/board.o
LOAD build/obj/chprintf.o
LOAD build/obj/memstreams.o
LOAD build/obj/nullstreams.o
LOAD build/obj/usb_main.o
LOAD build/obj/main.o
LOAD build/obj/keymap_menelaus.o
LOAD build/obj/matrix.o
LOAD build/obj/keymap_common.o
LOAD build/obj/led.o
LOAD build/obj/host.o
LOAD build/obj/keyboard.o
LOAD build/obj/action.o
LOAD build/obj/action_tapping.o
LOAD build/obj/action_macro.o
LOAD build/obj/action_layer.o
LOAD build/obj/action_util.o
LOAD build/obj/keymap.o
LOAD build/obj/print.o
LOAD build/obj/debug.o
LOAD build/obj/util.o
LOAD build/obj/hook.o
LOAD build/obj/suspend.o
LOAD build/obj/printf.o
LOAD build/obj/timer.o
LOAD build/obj/bootloader.o
LOAD build/obj/bootmagic.o
LOAD build/obj/eeconfig.o
LOAD build/obj/mousekey.o
LOAD build/obj/command.o
LOAD build/obj/sleep_led.o

.cfmprotect     0x0000000000000400       0x10
 *(.cfmconfig)
 .cfmconfig     0x0000000000000400       0x10 build/obj/hal_lld.o
                0x0000000000000400                _cfm
                0x000000000000f800                __eeprom_workarea_start__ = ORIGIN (flash3)
                0x0000000000000800                __eeprom_workarea_size__ = LENGTH (flash3)
                0x0000000000010000                __eeprom_workarea_end__ = (__eeprom_workarea_start__ + __eeprom_workarea_size__)

.mstack         0x000000001ffff800      0x400
                0x000000001ffff800                . = ALIGN (0x8)
                0x000000001ffff800                __main_stack_base__ = .
                0x000000001ffffc00                . = (. + __main_stack_size__)
 *fill*         0x000000001ffff800      0x400 
                0x000000001ffffc00                . = ALIGN (0x8)
                0x000000001ffffc00                __main_stack_end__ = .

.pstack         0x000000001ffffc00      0x200
                0x000000001ffffc00                __process_stack_base__ = .
                0x000000001ffffc00                __main_thread_stack_base__ = .
                0x000000001ffffe00                . = (. + __process_stack_size__)
 *fill*         0x000000001ffffc00      0x200 
                0x000000001ffffe00                . = ALIGN (0x8)
                0x000000001ffffe00                __process_stack_end__ = .
                0x000000001ffffe00                __main_thread_stack_end__ = .

.vectors        0x0000000000000000       0xc0
 *(.vectors)
 .vectors       0x0000000000000000       0xc0 build/obj/vectors.o
                0x0000000000000000                _vectors

.xtors          0x0000000000000410        0x0
                0x0000000000000410                __init_array_start = .
 *(SORT_BY_NAME(.init_array.*))
 *(.init_array)
                0x0000000000000410                __init_array_end = .
                0x0000000000000410                __fini_array_start = .
 *(.fini_array)
 *(SORT_BY_NAME(.fini_array.*))
                0x0000000000000410                __fini_array_end = .

.text           0x0000000000000410     0x75f4
 *(.text)
 .text          0x0000000000000410       0xd0 build/obj/crt0_v6m.o
                0x0000000000000410                Reset_Handler
 .text          0x00000000000004e0       0x4c build/obj/chcoreasm_v6m.o
                0x00000000000004e0                _port_switch
                0x0000000000000500                _port_thread_start
                0x0000000000000510                _port_switch_from_isr
                0x000000000000051c                _port_exit_from_isr
 .text          0x000000000000052c      0x114 /usr/local/Caskroom/gcc-arm-embedded/7-2017-q4-major/gcc-arm-none-eabi-7-2017-q4-major/bin/../lib/gcc/arm-none-eabi/7.2.1/thumb/v6-m/libgcc.a(_udivsi3.o)
                0x000000000000052c                __udivsi3
                0x000000000000052c                __aeabi_uidiv
                0x0000000000000638                __aeabi_uidivmod
 .text          0x0000000000000640      0x1d4 /usr/local/Caskroom/gcc-arm-embedded/7-2017-q4-major/gcc-arm-none-eabi-7-2017-q4-major/bin/../lib/gcc/arm-none-eabi/7.2.1/thumb/v6-m/libgcc.a(_divsi3.o)
                0x0000000000000640                __aeabi_idiv
                0x0000000000000640                __divsi3
                0x000000000000080c                __aeabi_idivmod
 .text          0x0000000000000814        0x4 /usr/local/Caskroom/gcc-arm-embedded/7-2017-q4-major/gcc-arm-none-eabi-7-2017-q4-major/bin/../lib/gcc/arm-none-eabi/7.2.1/thumb/v6-m/libgcc.a(_dvmd_tls.o)
                0x0000000000000814                __aeabi_ldiv0
                0x0000000000000814                __aeabi_idiv0
 .text          0x0000000000000818      0x4e4 /usr/local/Caskroom/gcc-arm-embedded/7-2017-q4-major/gcc-arm-none-eabi-7-2017-q4-major/bin/../lib/gcc/arm-none-eabi/7.2.1/thumb/v6-m/libgcc.a(muldf3.o)
                0x0000000000000818                __aeabi_dmul
 .text          0x0000000000000cfc       0x6c /usr/local/Caskroom/gcc-arm-embedded/7-2017-q4-major/gcc-arm-none-eabi-7-2017-q4-major/bin/../lib/gcc/arm-none-eabi/7.2.1/thumb/v6-m/libgcc.a(fixdfsi.o)
                0x0000000000000cfc                __aeabi_d2iz
 .text          0x0000000000000d68       0x74 /usr/local/Caskroom/gcc-arm-embedded/7-2017-q4-major/gcc-arm-none-eabi-7-2017-q4-major/bin/../lib/gcc/arm-none-eabi/7.2.1/thumb/v6-m/libgcc.a(floatsidf.o)
                0x0000000000000d68                __aeabi_i2d
 .text          0x0000000000000ddc       0x3c /usr/local/Caskroom/gcc-arm-embedded/7-2017-q4-major/gcc-arm-none-eabi-7-2017-q4-major/bin/../lib/gcc/arm-none-eabi/7.2.1/thumb/v6-m/libgcc.a(_clzsi2.o)
                0x0000000000000ddc                __clzsi2
 *(.text.*)
 *fill*         0x0000000000000e18        0x8 
 .text.__core_init
                0x0000000000000e20        0x4 build/obj/crt1.o
                0x0000000000000e20                __core_init
 *fill*         0x0000000000000e24        0xc 
 .text.__late_init
                0x0000000000000e30        0x4 build/obj/crt1.o
                0x0000000000000e30                __late_init
 *fill*         0x0000000000000e34        0xc 
 .text.__default_exit
                0x0000000000000e40        0x4 build/obj/crt1.o
                0x0000000000000e40                __default_exit
 *fill*         0x0000000000000e44        0xc 
 .text.__init_ram_areas
                0x0000000000000e50       0x60 build/obj/crt1.o
                0x0000000000000e50                __init_ram_areas
 .text._unhandled_exception
                0x0000000000000eb0        0x4 build/obj/vectors.o
                0x0000000000000eb0                Vector20
                0x0000000000000eb0                Vector9C
                0x0000000000000eb0                VectorAC
                0x0000000000000eb0                DebugMon_Handler
                0x0000000000000eb0                Vector5C
                0x0000000000000eb0                HardFault_Handler
                0x0000000000000eb0                Vector8C
                0x0000000000000eb0                PendSV_Handler
                0x0000000000000eb0                Vector94
                0x0000000000000eb0                VectorA8
                0x0000000000000eb0                VectorB4
                0x0000000000000eb0                Vector74
                0x0000000000000eb0                UsageFault_Handler
                0x0000000000000eb0                Vector40
                0x0000000000000eb0                VectorBC
                0x0000000000000eb0                Vector64
                0x0000000000000eb0                Vector54
                0x0000000000000eb0                Vector98
                0x0000000000000eb0                Vector24
                0x0000000000000eb0                Vector84
                0x0000000000000eb0                MemManage_Handler
                0x0000000000000eb0                Vector6C
                0x0000000000000eb0                SVC_Handler
                0x0000000000000eb0                Vector7C
                0x0000000000000eb0                Vector90
                0x0000000000000eb0                Vector60
                0x0000000000000eb0                Vector1C
                0x0000000000000eb0                Vector48
                0x0000000000000eb0                Vector70
                0x0000000000000eb0                Vector4C
                0x0000000000000eb0                Vector80
                0x0000000000000eb0                Vector68
                0x0000000000000eb0                Vector78
                0x0000000000000eb0                _unhandled_exception
                0x0000000000000eb0                Vector88
                0x0000000000000eb0                BusFault_Handler
                0x0000000000000eb0                Vector50
                0x0000000000000eb0                Vector44
                0x0000000000000eb0                Vector28
                0x0000000000000eb0                VectorB8
                0x0000000000000eb0                Vector34
                0x0000000000000eb0                VectorA4
                0x0000000000000eb0                Vector58
 *fill*         0x0000000000000eb4        0xc 
 .text._idle_thread
                0x0000000000000ec0        0x4 build/obj/chsys.o
 *fill*         0x0000000000000ec4        0xc 
 .text.chSysInit
                0x0000000000000ed0       0x64 build/obj/chsys.o
                0x0000000000000ed0                chSysInit
 *fill*         0x0000000000000f34        0xc 
 .text.chSysHalt
                0x0000000000000f40        0xc build/obj/chsys.o
                0x0000000000000f40                chSysHalt
 *fill*         0x0000000000000f4c        0x4 
 .text.chSysTimerHandlerI
                0x0000000000000f50       0x68 build/obj/chsys.o
                0x0000000000000f50                chSysTimerHandlerI
 *fill*         0x0000000000000fb8        0x8 
 .text._dbg_check_enable
                0x0000000000000fc0       0x20 build/obj/chdebug.o
                0x0000000000000fc0                _dbg_check_enable
 .text._dbg_check_lock
                0x0000000000000fe0       0x24 build/obj/chdebug.o
                0x0000000000000fe0                _dbg_check_lock
 *fill*         0x0000000000001004        0xc 
 .text._dbg_check_unlock
                0x0000000000001010       0x28 build/obj/chdebug.o
                0x0000000000001010                _dbg_check_unlock
 *fill*         0x0000000000001038        0x8 
 .text._dbg_check_lock_from_isr
                0x0000000000001040       0x24 build/obj/chdebug.o
                0x0000000000001040                _dbg_check_lock_from_isr
 *fill*         0x0000000000001064        0xc 
 .text._dbg_check_unlock_from_isr
                0x0000000000001070       0x28 build/obj/chdebug.o
                0x0000000000001070                _dbg_check_unlock_from_isr
 *fill*         0x0000000000001098        0x8 
 .text._dbg_check_enter_isr
                0x00000000000010a0       0x2c build/obj/chdebug.o
                0x00000000000010a0                _dbg_check_enter_isr
 *fill*         0x00000000000010cc        0x4 
 .text._dbg_check_leave_isr
                0x00000000000010d0       0x2c build/obj/chdebug.o
                0x00000000000010d0                _dbg_check_leave_isr
 *fill*         0x00000000000010fc        0x4 
 .text.chDbgCheckClassI
                0x0000000000001100       0x24 build/obj/chdebug.o
                0x0000000000001100                chDbgCheckClassI
 *fill*         0x0000000000001124        0xc 
 .text.chDbgCheckClassS
                0x0000000000001130       0x24 build/obj/chdebug.o
                0x0000000000001130                chDbgCheckClassS
 *fill*         0x0000000000001154        0xc 
 .text._vt_init
                0x0000000000001160       0x1c build/obj/chvt.o
                0x0000000000001160                _vt_init
 *fill*         0x000000000000117c        0x4 
 .text.chVTDoSetI
                0x0000000000001180       0x5c build/obj/chvt.o
                0x0000000000001180                chVTDoSetI
 *fill*         0x00000000000011dc        0x4 
 .text.chVTDoResetI
                0x00000000000011e0       0x4c build/obj/chvt.o
                0x00000000000011e0                chVTDoResetI
 *fill*         0x000000000000122c        0x4 
 .text._scheduler_init
                0x0000000000001230       0x14 build/obj/chschd.o
                0x0000000000001230                _scheduler_init
 *fill*         0x0000000000001244        0xc 
 .text.chSchReadyI
                0x0000000000001250       0x50 build/obj/chschd.o
                0x0000000000001250                chSchReadyI
 .text.wakeup   0x00000000000012a0       0x5c build/obj/chschd.o
 *fill*         0x00000000000012fc        0x4 
 .text.chSchReadyAheadI
                0x0000000000001300       0x50 build/obj/chschd.o
                0x0000000000001300                chSchReadyAheadI
 .text.chSchGoSleepS
                0x0000000000001350       0x48 build/obj/chschd.o
                0x0000000000001350                chSchGoSleepS
 *fill*         0x0000000000001398        0x8 
 .text.chSchGoSleepTimeoutS
                0x00000000000013a0       0x50 build/obj/chschd.o
                0x00000000000013a0                chSchGoSleepTimeoutS
 .text.chSchWakeupS
                0x00000000000013f0       0x7c build/obj/chschd.o
                0x00000000000013f0                chSchWakeupS
 *fill*         0x000000000000146c        0x4 
 .text.chSchIsPreemptionRequired
                0x0000000000001470       0x28 build/obj/chschd.o
                0x0000000000001470                chSchIsPreemptionRequired
 *fill*         0x0000000000001498        0x8 
 .text.chSchDoRescheduleAhead
                0x00000000000014a0       0x40 build/obj/chschd.o
                0x00000000000014a0                chSchDoRescheduleAhead
 .text.chSchRescheduleS
                0x00000000000014e0       0x24 build/obj/chschd.o
                0x00000000000014e0                chSchRescheduleS
 *fill*         0x0000000000001504        0xc 
 .text.chSchDoReschedule
                0x0000000000001510       0x54 build/obj/chschd.o
                0x0000000000001510                chSchDoReschedule
 *fill*         0x0000000000001564        0xc 
 .text._thread_init
                0x0000000000001570       0x34 build/obj/chthreads.o
                0x0000000000001570                _thread_init
 *fill*         0x00000000000015a4        0xc 
 .text.chThdCreateSuspendedI
                0x00000000000015b0       0xb0 build/obj/chthreads.o
                0x00000000000015b0                chThdCreateSuspendedI
 .text.chThdCreate
                0x0000000000001660       0x6c build/obj/chthreads.o
                0x0000000000001660                chThdCreate
 *fill*         0x00000000000016cc        0x4 
 .text.chThdRelease
                0x00000000000016d0       0xac build/obj/chthreads.o
                0x00000000000016d0                chThdRelease
 *fill*         0x000000000000177c        0x4 
 .text.chThdExitS
                0x0000000000001780       0x50 build/obj/chthreads.o
                0x0000000000001780                chThdExitS
 .text.chThdExit
                0x00000000000017d0       0x14 build/obj/chthreads.o
                0x00000000000017d0                chThdExit
 *fill*         0x00000000000017e4        0xc 
 .text.chThdSleep
                0x00000000000017f0       0x4c build/obj/chthreads.o
                0x00000000000017f0                chThdSleep
 *fill*         0x000000000000183c        0x4 
 .text.chThdSuspendS
                0x0000000000001840       0x2c build/obj/chthreads.o
                0x0000000000001840                chThdSuspendS
 *fill*         0x000000000000186c        0x4 
 .text.chThdResumeI
                0x0000000000001870       0x30 build/obj/chthreads.o
                0x0000000000001870                chThdResumeI
 .text.chThdEnqueueTimeoutS
                0x00000000000018a0       0x28 build/obj/chthreads.o
                0x00000000000018a0                chThdEnqueueTimeoutS
 *fill*         0x00000000000018c8        0x8 
 .text.chThdDequeueNextI
                0x00000000000018d0       0x2c build/obj/chthreads.o
                0x00000000000018d0                chThdDequeueNextI
 *fill*         0x00000000000018fc        0x4 
 .text.chRegFirstThread
                0x0000000000001900       0x40 build/obj/chregistry.o
                0x0000000000001900                chRegFirstThread
 .text.chRegNextThread
                0x0000000000001940       0x64 build/obj/chregistry.o
                0x0000000000001940                chRegNextThread
 *fill*         0x00000000000019a4        0xc 
 .text.chRegFindThreadByWorkingArea
                0x00000000000019b0       0x1c build/obj/chregistry.o
                0x00000000000019b0                chRegFindThreadByWorkingArea
 *fill*         0x00000000000019cc        0x4 
 .text.chMtxObjectInit
                0x00000000000019d0       0x1c build/obj/chmtx.o
                0x00000000000019d0                chMtxObjectInit
 *fill*         0x00000000000019ec        0x4 
 .text.chMtxLockS
                0x00000000000019f0      0x118 build/obj/chmtx.o
                0x00000000000019f0                chMtxLockS
 *fill*         0x0000000000001b08        0x8 
 .text.chMtxLock
                0x0000000000001b10       0x3c build/obj/chmtx.o
                0x0000000000001b10                chMtxLock
 *fill*         0x0000000000001b4c        0x4 
 .text.chMtxUnlock
                0x0000000000001b50       0xc8 build/obj/chmtx.o
                0x0000000000001b50                chMtxUnlock
 *fill*         0x0000000000001c18        0x8 
 .text._core_init
                0x0000000000001c20       0x20 build/obj/chmemcore.o
                0x0000000000001c20                _core_init
 .text.chCoreAllocAlignedI
                0x0000000000001c40       0x50 build/obj/chmemcore.o
                0x0000000000001c40                chCoreAllocAlignedI
 .text.chCoreAllocAligned
                0x0000000000001c90       0x44 build/obj/chmemcore.o
                0x0000000000001c90                chCoreAllocAligned
 *fill*         0x0000000000001cd4        0xc 
 .text._heap_init
                0x0000000000001ce0       0x20 build/obj/chheap.o
                0x0000000000001ce0                _heap_init
 .text.chHeapFree
                0x0000000000001d00       0xb8 build/obj/chheap.o
                0x0000000000001d00                chHeapFree
 *fill*         0x0000000000001db8        0x8 
 .text.chPoolFreeI
                0x0000000000001dc0       0x28 build/obj/chmempools.o
                0x0000000000001dc0                chPoolFreeI
 *fill*         0x0000000000001de8        0x8 
 .text.chPoolFree
                0x0000000000001df0       0x40 build/obj/chmempools.o
                0x0000000000001df0                chPoolFree
 .text.NMI_Handler
                0x0000000000001e30       0x14 build/obj/chcore_v6m.o
                0x0000000000001e30                NMI_Handler
 *fill*         0x0000000000001e44        0xc 
 .text._port_irq_epilogue
                0x0000000000001e50       0x38 build/obj/chcore_v6m.o
                0x0000000000001e50                _port_irq_epilogue
 *fill*         0x0000000000001e88        0x8 
 .text.halInit  0x0000000000001e90       0x20 build/obj/hal.o
                0x0000000000001e90                halInit
 .text.stInit   0x0000000000001eb0        0x8 build/obj/hal_st.o
                0x0000000000001eb0                stInit
 *fill*         0x0000000000001eb8        0x8 
 .text.obqObjectInit
                0x0000000000001ec0       0x5c build/obj/hal_buffers.o
                0x0000000000001ec0                obqObjectInit
 *fill*         0x0000000000001f1c        0x4 
 .text.obqGetFullBufferI
                0x0000000000001f20       0x24 build/obj/hal_buffers.o
                0x0000000000001f20                obqGetFullBufferI
 *fill*         0x0000000000001f44        0xc 
 .text.obqReleaseEmptyBufferI
                0x0000000000001f50       0x48 build/obj/hal_buffers.o
                0x0000000000001f50                obqReleaseEmptyBufferI
 *fill*         0x0000000000001f98        0x8 
 .text.obqGetEmptyBufferTimeoutS
                0x0000000000001fa0       0x50 build/obj/hal_buffers.o
                0x0000000000001fa0                obqGetEmptyBufferTimeoutS
 .text.obqPostFullBufferS
                0x0000000000001ff0       0x60 build/obj/hal_buffers.o
                0x0000000000001ff0                obqPostFullBufferS
 .text.obqPutTimeout
                0x0000000000002050       0x8c build/obj/hal_buffers.o
                0x0000000000002050                obqPutTimeout
 *fill*         0x00000000000020dc        0x4 
 .text.obqTryFlushI
                0x00000000000020e0       0x48 build/obj/hal_buffers.o
                0x00000000000020e0                obqTryFlushI
 *fill*         0x0000000000002128        0x8 
 .text.set_address
                0x0000000000002130       0x24 build/obj/hal_usb.o
 *fill*         0x0000000000002154        0xc 
 .text.usbInit  0x0000000000002160        0x8 build/obj/hal_usb.o
                0x0000000000002160                usbInit
 *fill*         0x0000000000002168        0x8 
 .text.usbObjectInit
                0x0000000000002170       0x20 build/obj/hal_usb.o
                0x0000000000002170                usbObjectInit
 .text.usbStart
                0x0000000000002190       0x74 build/obj/hal_usb.o
                0x0000000000002190                usbStart
 *fill*         0x0000000000002204        0xc 
 .text.usbInitEndpointI
                0x0000000000002210       0x64 build/obj/hal_usb.o
                0x0000000000002210                usbInitEndpointI
 *fill*         0x0000000000002274        0xc 
 .text.usbDisableEndpointsI
                0x0000000000002280       0x74 build/obj/hal_usb.o
                0x0000000000002280                usbDisableEndpointsI
 *fill*         0x00000000000022f4        0xc 
 .text.usbStartReceiveI
                0x0000000000002300       0x64 build/obj/hal_usb.o
                0x0000000000002300                usbStartReceiveI
 *fill*         0x0000000000002364        0xc 
 .text.usbStartTransmitI
                0x0000000000002370       0x64 build/obj/hal_usb.o
                0x0000000000002370                usbStartTransmitI
 *fill*         0x00000000000023d4        0xc 
 .text._usb_reset
                0x00000000000023e0       0x70 build/obj/hal_usb.o
                0x00000000000023e0                _usb_reset
 .text._usb_suspend
                0x0000000000002450       0x60 build/obj/hal_usb.o
                0x0000000000002450                _usb_suspend
 .text._usb_wakeup
                0x00000000000024b0       0x18 build/obj/hal_usb.o
                0x00000000000024b0                _usb_wakeup
 *fill*         0x00000000000024c8        0x8 
 .text._usb_ep0setup
                0x00000000000024d0      0x340 build/obj/hal_usb.o
                0x00000000000024d0                _usb_ep0setup
 .text._usb_ep0in
                0x0000000000002810       0xc4 build/obj/hal_usb.o
                0x0000000000002810                _usb_ep0in
 *fill*         0x00000000000028d4        0xc 
 .text._usb_ep0out
                0x00000000000028e0       0x8c build/obj/hal_usb.o
                0x00000000000028e0                _usb_ep0out
 *fill*         0x000000000000296c        0x4 
 .text.nvicEnableVector
                0x0000000000002970       0x2c build/obj/nvic.o
                0x0000000000002970                nvicEnableVector
 *fill*         0x000000000000299c        0x4 
 .text.nvicSetSystemHandlerPriority
                0x00000000000029a0       0x28 build/obj/nvic.o
                0x00000000000029a0                nvicSetSystemHandlerPriority
 *fill*         0x00000000000029c8        0x8 
 .text.hal_lld_init
                0x00000000000029d0        0x4 build/obj/hal_lld.o
                0x00000000000029d0                hal_lld_init
 *fill*         0x00000000000029d4        0xc 
 .text.kl2x_clock_init
                0x00000000000029e0      0x114 build/obj/hal_lld.o
                0x00000000000029e0                kl2x_clock_init
 *fill*         0x0000000000002af4        0xc 
 .text._pal_lld_readpad
                0x0000000000002b00        0xc build/obj/hal_pal_lld.o
                0x0000000000002b00                _pal_lld_readpad
 *fill*         0x0000000000002b0c        0x4 
 .text._pal_lld_setpadmode
                0x0000000000002b10      0x110 build/obj/hal_pal_lld.o
                0x0000000000002b10                _pal_lld_setpadmode
 .text._pal_lld_init
                0x0000000000002c20       0x3c build/obj/hal_pal_lld.o
                0x0000000000002c20                _pal_lld_init
 *fill*         0x0000000000002c5c        0x4 
 .text.SysTick_Handler
                0x0000000000002c60       0x24 build/obj/hal_st_lld.o
                0x0000000000002c60                SysTick_Handler
 *fill*         0x0000000000002c84        0xc 
 .text.st_lld_init
                0x0000000000002c90       0x24 build/obj/hal_st_lld.o
                0x0000000000002c90                st_lld_init
 *fill*         0x0000000000002cb4        0xc 
 .text.usb_packet_transmit
                0x0000000000002cc0       0x60 build/obj/hal_usb_lld.o
                0x0000000000002cc0                usb_packet_transmit
 .text.usb_packet_receive
                0x0000000000002d20       0x88 build/obj/hal_usb_lld.o
                0x0000000000002d20                usb_packet_receive
 *fill*         0x0000000000002da8        0x8 
 .text.VectorA0
                0x0000000000002db0      0x320 build/obj/hal_usb_lld.o
                0x0000000000002db0                VectorA0
 .text.usb_lld_init
                0x00000000000030d0       0x24 build/obj/hal_usb_lld.o
                0x00000000000030d0                usb_lld_init
 *fill*         0x00000000000030f4        0xc 
 .text.usb_lld_start
                0x0000000000003100       0xa8 build/obj/hal_usb_lld.o
                0x0000000000003100                usb_lld_start
 *fill*         0x00000000000031a8        0x8 
 .text.usb_lld_set_address
                0x00000000000031b0       0x14 build/obj/hal_usb_lld.o
                0x00000000000031b0                usb_lld_set_address
 *fill*         0x00000000000031c4        0xc 
 .text.usb_lld_init_endpoint
                0x00000000000031d0      0x11c build/obj/hal_usb_lld.o
                0x00000000000031d0                usb_lld_init_endpoint
 *fill*         0x00000000000032ec        0x4 
 .text.usb_lld_reset
                0x00000000000032f0       0x4c build/obj/hal_usb_lld.o
                0x00000000000032f0                usb_lld_reset
 *fill*         0x000000000000333c        0x4 
 .text.usb_lld_disable_endpoints
                0x0000000000003340       0x1c build/obj/hal_usb_lld.o
                0x0000000000003340                usb_lld_disable_endpoints
 *fill*         0x000000000000335c        0x4 
 .text.usb_lld_get_status_out
                0x0000000000003360       0x28 build/obj/hal_usb_lld.o
                0x0000000000003360                usb_lld_get_status_out
 *fill*         0x0000000000003388        0x8 
 .text.usb_lld_get_status_in
                0x0000000000003390       0x28 build/obj/hal_usb_lld.o
                0x0000000000003390                usb_lld_get_status_in
 *fill*         0x00000000000033b8        0x8 
 .text.usb_lld_read_setup
                0x00000000000033c0       0x50 build/obj/hal_usb_lld.o
                0x00000000000033c0                usb_lld_read_setup
 .text.usb_lld_start_out
                0x0000000000003410       0x28 build/obj/hal_usb_lld.o
                0x0000000000003410                usb_lld_start_out
 *fill*         0x0000000000003438        0x8 
 .text.usb_lld_start_in
                0x0000000000003440       0x14 build/obj/hal_usb_lld.o
                0x0000000000003440                usb_lld_start_in
 *fill*         0x0000000000003454        0xc 
 .text.usb_lld_stall_out
                0x0000000000003460       0x18 build/obj/hal_usb_lld.o
                0x0000000000003460                usb_lld_stall_out
 *fill*         0x0000000000003478        0x8 
 .text.usb_lld_stall_in
                0x0000000000003480       0x18 build/obj/hal_usb_lld.o
                0x0000000000003480                usb_lld_stall_in
 *fill*         0x0000000000003498        0x8 
 .text.usb_lld_clear_out
                0x00000000000034a0       0x18 build/obj/hal_usb_lld.o
                0x00000000000034a0                usb_lld_clear_out
 *fill*         0x00000000000034b8        0x8 
 .text.usb_lld_clear_in
                0x00000000000034c0       0x18 build/obj/hal_usb_lld.o
                0x00000000000034c0                usb_lld_clear_in
 *fill*         0x00000000000034d8        0x8 
 .text.__early_init
                0x00000000000034e0        0x8 build/obj/board.o
                0x00000000000034e0                __early_init
 *fill*         0x00000000000034e8        0x8 
 .text.boardInit
                0x00000000000034f0        0x4 build/obj/board.o
                0x00000000000034f0                boardInit
 *fill*         0x00000000000034f4        0xc 
 .text.usb_get_descriptor_cb
                0x0000000000003500       0xa8 build/obj/usb_main.o
 *fill*         0x00000000000035a8        0x8 
 .text.kbd_in_cb
                0x00000000000035b0        0x4 build/obj/usb_main.o
                0x00000000000035b0                kbd_in_cb
 *fill*         0x00000000000035b4        0xc 
 .text.console_queue_onotify
                0x00000000000035c0       0x34 build/obj/usb_main.o
                0x00000000000035c0                console_queue_onotify
 *fill*         0x00000000000035f4        0xc 
 .text.mouse_in_cb
                0x0000000000003600        0x4 build/obj/usb_main.o
                0x0000000000003600                mouse_in_cb
 *fill*         0x0000000000003604        0xc 
 .text.extra_in_cb
                0x0000000000003610        0x4 build/obj/usb_main.o
                0x0000000000003610                extra_in_cb
 *fill*         0x0000000000003614        0xc 
 .text.nkro_in_cb
                0x0000000000003620        0x4 build/obj/usb_main.o
                0x0000000000003620                nkro_in_cb
 *fill*         0x0000000000003624        0xc 
 .text.usb_sof_cb
                0x0000000000003630        0x4 build/obj/usb_main.o
 *fill*         0x0000000000003634        0xc 
 .text.console_in_cb
                0x0000000000003640       0x6c build/obj/usb_main.o
                0x0000000000003640                console_in_cb
 *fill*         0x00000000000036ac        0x4 
 .text.keyboard_idle_timer_cb
                0x00000000000036b0       0x90 build/obj/usb_main.o
 .text.console_flush_cb
                0x0000000000003740       0x94 build/obj/usb_main.o
 *fill*         0x00000000000037d4        0xc 
 .text.usb_request_hook_cb
                0x00000000000037e0      0x20c build/obj/usb_main.o
 *fill*         0x00000000000039ec        0x4 
 .text.hook_usb_wakeup
                0x00000000000039f0       0x10 build/obj/usb_main.o
                0x00000000000039f0                hook_usb_wakeup
 .text.hook_usb_suspend_entry
                0x0000000000003a00        0x8 build/obj/usb_main.o
                0x0000000000003a00                hook_usb_suspend_entry
 *fill*         0x0000000000003a08        0x8 
 .text.usb_event_cb
                0x0000000000003a10       0x78 build/obj/usb_main.o
 *fill*         0x0000000000003a88        0x8 
 .text.init_usb_driver
                0x0000000000003a90       0x88 build/obj/usb_main.o
                0x0000000000003a90                init_usb_driver
 *fill*         0x0000000000003b18        0x8 
 .text.send_remote_wakeup
                0x0000000000003b20       0x24 build/obj/usb_main.o
                0x0000000000003b20                send_remote_wakeup
 *fill*         0x0000000000003b44        0xc 
 .text.keyboard_leds
                0x0000000000003b50        0xc build/obj/usb_main.o
                0x0000000000003b50                keyboard_leds
 *fill*         0x0000000000003b5c        0x4 
 .text.send_keyboard
                0x0000000000003b60       0xe8 build/obj/usb_main.o
                0x0000000000003b60                send_keyboard
 *fill*         0x0000000000003c48        0x8 
 .text.send_mouse
                0x0000000000003c50       0x84 build/obj/usb_main.o
                0x0000000000003c50                send_mouse
 *fill*         0x0000000000003cd4        0xc 
 .text.send_system
                0x0000000000003ce0       0x5c build/obj/usb_main.o
                0x0000000000003ce0                send_system
 *fill*         0x0000000000003d3c        0x4 
 .text.send_consumer
                0x0000000000003d40       0x5c build/obj/usb_main.o
                0x0000000000003d40                send_consumer
 *fill*         0x0000000000003d9c        0x4 
 .text.sendchar
                0x0000000000003da0       0x84 build/obj/usb_main.o
                0x0000000000003da0                sendchar
 *fill*         0x0000000000003e24        0xc 
 .text.sendchar_pf
                0x0000000000003e30        0xc build/obj/usb_main.o
                0x0000000000003e30                sendchar_pf
 *fill*         0x0000000000003e3c        0x4 
 .text.hook_early_init
                0x0000000000003e40        0x4 build/obj/main.o
                0x0000000000003e40                hook_early_init
 *fill*         0x0000000000003e44        0xc 
 .text.hook_late_init
                0x0000000000003e50        0x4 build/obj/main.o
                0x0000000000003e50                hook_late_init
 *fill*         0x0000000000003e54        0xc 
 .text.hook_usb_suspend_loop
                0x0000000000003e60       0x28 build/obj/main.o
                0x0000000000003e60                hook_usb_suspend_loop
 *fill*         0x0000000000003e88        0x8 
 .text.startup.main
                0x0000000000003e90       0x9c build/obj/main.o
                0x0000000000003e90                main
 *fill*         0x0000000000003f2c        0x4 
 .text.action_get_macro
                0x0000000000003f30       0x54 build/obj/keymap_menelaus.o
                0x0000000000003f30                action_get_macro
 *fill*         0x0000000000003f84        0xc 
 .text.unselect_rows
                0x0000000000003f90       0x38 build/obj/matrix.o
 *fill*         0x0000000000003fc8        0x8 
 .text.matrix_init
                0x0000000000003fd0       0xbc build/obj/matrix.o
                0x0000000000003fd0                matrix_init
 *fill*         0x000000000000408c        0x4 
 .text.matrix_scan
                0x0000000000004090      0x210 build/obj/matrix.o
                0x0000000000004090                matrix_scan
 .text.matrix_get_row
                0x00000000000042a0        0xc build/obj/matrix.o
                0x00000000000042a0                matrix_get_row
 *fill*         0x00000000000042ac        0x4 
 .text.matrix_print
                0x00000000000042b0       0x68 build/obj/matrix.o
                0x00000000000042b0                matrix_print
 *fill*         0x0000000000004318        0x8 
 .text.keymap_key_to_keycode
                0x0000000000004320       0x24 build/obj/keymap_common.o
                0x0000000000004320                keymap_key_to_keycode
 *fill*         0x0000000000004344        0xc 
 .text.keymap_fn_to_action
                0x0000000000004350       0x10 build/obj/keymap_common.o
                0x0000000000004350                keymap_fn_to_action
 .text.led_set  0x0000000000004360       0x28 build/obj/led.o
                0x0000000000004360                led_set
 *fill*         0x0000000000004388        0x8 
 .text.host_set_driver
                0x0000000000004390        0xc build/obj/host.o
                0x0000000000004390                host_set_driver
 *fill*         0x000000000000439c        0x4 
 .text.host_keyboard_leds
                0x00000000000043a0       0x18 build/obj/host.o
                0x00000000000043a0                host_keyboard_leds
 *fill*         0x00000000000043b8        0x8 
 .text.host_keyboard_send
                0x00000000000043c0       0x7c build/obj/host.o
                0x00000000000043c0                host_keyboard_send
 *fill*         0x000000000000443c        0x4 
 .text.host_mouse_send
                0x0000000000004440       0x14 build/obj/host.o
                0x0000000000004440                host_mouse_send
 *fill*         0x0000000000004454        0xc 
 .text.host_system_send
                0x0000000000004460       0x44 build/obj/host.o
                0x0000000000004460                host_system_send
 *fill*         0x00000000000044a4        0xc 
 .text.host_consumer_send
                0x00000000000044b0       0x44 build/obj/host.o
                0x00000000000044b0                host_consumer_send
 *fill*         0x00000000000044f4        0xc 
 .text.keyboard_init
                0x0000000000004500       0x10 build/obj/keyboard.o
                0x0000000000004500                keyboard_init
 .text.keyboard_task
                0x0000000000004510      0x114 build/obj/keyboard.o
                0x0000000000004510                keyboard_task
 *fill*         0x0000000000004624        0xc 
 .text.keyboard_set_leds
                0x0000000000004630        0x8 build/obj/keyboard.o
                0x0000000000004630                keyboard_set_leds
 *fill*         0x0000000000004638        0x8 
 .text.action_exec
                0x0000000000004640       0x44 build/obj/action.o
                0x0000000000004640                action_exec
 *fill*         0x0000000000004684        0xc 
 .text.register_code
                0x0000000000004690      0x1bc build/obj/action.o
                0x0000000000004690                register_code
 *fill*         0x000000000000484c        0x4 
 .text.unregister_code
                0x0000000000004850       0xd4 build/obj/action.o
                0x0000000000004850                unregister_code
 *fill*         0x0000000000004924        0xc 
 .text.process_action
                0x0000000000004930      0x36c build/obj/action.o
                0x0000000000004930                process_action
 *fill*         0x0000000000004c9c        0x4 
 .text.clear_keyboard_but_mods
                0x0000000000004ca0       0x24 build/obj/action.o
                0x0000000000004ca0                clear_keyboard_but_mods
 *fill*         0x0000000000004cc4        0xc 
 .text.clear_keyboard
                0x0000000000004cd0        0xc build/obj/action.o
                0x0000000000004cd0                clear_keyboard
 *fill*         0x0000000000004cdc        0x4 
 .text.is_tap_key
                0x0000000000004ce0       0x70 build/obj/action.o
                0x0000000000004ce0                is_tap_key
 .text.debug_event
                0x0000000000004d50        0x8 build/obj/action.o
                0x0000000000004d50                debug_event
 *fill*         0x0000000000004d58        0x8 
 .text.debug_record
                0x0000000000004d60        0x8 build/obj/action.o
                0x0000000000004d60                debug_record
 *fill*         0x0000000000004d68        0x8 
 .text.debug_waiting_buffer
                0x0000000000004d70       0x38 build/obj/action_tapping.o
 *fill*         0x0000000000004da8        0x8 
 .text.waiting_buffer_scan_tap.part.3
                0x0000000000004db0      0x108 build/obj/action_tapping.o
 *fill*         0x0000000000004eb8        0x8 
 .text.process_tapping
                0x0000000000004ec0      0x4d4 build/obj/action_tapping.o
 *fill*         0x0000000000005394        0xc 
 .text.action_tapping_process
                0x00000000000053a0       0xdc build/obj/action_tapping.o
                0x00000000000053a0                action_tapping_process
 *fill*         0x000000000000547c        0x4 
 .text.action_macro_play
                0x0000000000005480      0x128 build/obj/action_macro.o
                0x0000000000005480                action_macro_play
 *fill*         0x00000000000055a8        0x8 
 .text.default_layer_debug
                0x00000000000055b0        0x4 build/obj/action_layer.o
                0x00000000000055b0                default_layer_debug
 *fill*         0x00000000000055b4        0xc 
 .text.default_layer_set
                0x00000000000055c0       0x14 build/obj/action_layer.o
                0x00000000000055c0                default_layer_set
 *fill*         0x00000000000055d4        0xc 
 .text.default_layer_or
                0x00000000000055e0       0x18 build/obj/action_layer.o
                0x00000000000055e0                default_layer_or
 *fill*         0x00000000000055f8        0x8 
 .text.default_layer_and
                0x0000000000005600       0x18 build/obj/action_layer.o
                0x0000000000005600                default_layer_and
 *fill*         0x0000000000005618        0x8 
 .text.default_layer_xor
                0x0000000000005620       0x18 build/obj/action_layer.o
                0x0000000000005620                default_layer_xor
 *fill*         0x0000000000005638        0x8 
 .text.layer_clear
                0x0000000000005640       0x18 build/obj/action_layer.o
                0x0000000000005640                layer_clear
 *fill*         0x0000000000005658        0x8 
 .text.layer_move
                0x0000000000005660       0x1c build/obj/action_layer.o
                0x0000000000005660                layer_move
 *fill*         0x000000000000567c        0x4 
 .text.layer_on
                0x0000000000005680       0x20 build/obj/action_layer.o
                0x0000000000005680                layer_on
 .text.layer_off
                0x00000000000056a0       0x1c build/obj/action_layer.o
                0x00000000000056a0                layer_off
 *fill*         0x00000000000056bc        0x4 
 .text.layer_invert
                0x00000000000056c0       0x20 build/obj/action_layer.o
                0x00000000000056c0                layer_invert
 .text.layer_or
                0x00000000000056e0       0x18 build/obj/action_layer.o
                0x00000000000056e0                layer_or
 *fill*         0x00000000000056f8        0x8 
 .text.layer_and
                0x0000000000005700       0x18 build/obj/action_layer.o
                0x0000000000005700                layer_and
 *fill*         0x0000000000005718        0x8 
 .text.layer_xor
                0x0000000000005720       0x18 build/obj/action_layer.o
                0x0000000000005720                layer_xor
 *fill*         0x0000000000005738        0x8 
 .text.layer_debug
                0x0000000000005740        0x4 build/obj/action_layer.o
                0x0000000000005740                layer_debug
 *fill*         0x0000000000005744        0xc 
 .text.layer_switch_get_action
                0x0000000000005750       0x48 build/obj/action_layer.o
                0x0000000000005750                layer_switch_get_action
 *fill*         0x0000000000005798        0x8 
 .text.send_keyboard_report
                0x00000000000057a0       0x58 build/obj/action_util.o
                0x00000000000057a0                send_keyboard_report
 *fill*         0x00000000000057f8        0x8 
 .text.add_key  0x0000000000005800       0x94 build/obj/action_util.o
                0x0000000000005800                add_key
 *fill*         0x0000000000005894        0xc 
 .text.del_key  0x00000000000058a0       0x70 build/obj/action_util.o
                0x00000000000058a0                del_key
 .text.clear_keys
                0x0000000000005910       0x18 build/obj/action_util.o
                0x0000000000005910                clear_keys
 *fill*         0x0000000000005928        0x8 
 .text.get_mods
                0x0000000000005930        0xc build/obj/action_util.o
                0x0000000000005930                get_mods
 *fill*         0x000000000000593c        0x4 
 .text.add_mods
                0x0000000000005940       0x10 build/obj/action_util.o
                0x0000000000005940                add_mods
 .text.del_mods
                0x0000000000005950       0x10 build/obj/action_util.o
                0x0000000000005950                del_mods
 .text.set_mods
                0x0000000000005960        0xc build/obj/action_util.o
                0x0000000000005960                set_mods
 *fill*         0x000000000000596c        0x4 
 .text.clear_mods
                0x0000000000005970        0xc build/obj/action_util.o
                0x0000000000005970                clear_mods
 *fill*         0x000000000000597c        0x4 
 .text.add_weak_mods
                0x0000000000005980       0x10 build/obj/action_util.o
                0x0000000000005980                add_weak_mods
 .text.del_weak_mods
                0x0000000000005990       0x10 build/obj/action_util.o
                0x0000000000005990                del_weak_mods
 .text.clear_weak_mods
                0x00000000000059a0        0xc build/obj/action_util.o
                0x00000000000059a0                clear_weak_mods
 *fill*         0x00000000000059ac        0x4 
 .text.set_oneshot_mods
                0x00000000000059b0        0xc build/obj/action_util.o
                0x00000000000059b0                set_oneshot_mods
 *fill*         0x00000000000059bc        0x4 
 .text.clear_oneshot_mods
                0x00000000000059c0        0xc build/obj/action_util.o
                0x00000000000059c0                clear_oneshot_mods
 *fill*         0x00000000000059cc        0x4 
 .text.keycode_to_action
                0x00000000000059d0      0x174 build/obj/keymap.o
 *fill*         0x0000000000005b44        0xc 
 .text.action_function
                0x0000000000005b50        0x4 build/obj/keymap.o
                0x0000000000005b50                action_function
 *fill*         0x0000000000005b54        0xc 
 .text.action_for_key
                0x0000000000005b60       0xe0 build/obj/keymap.o
                0x0000000000005b60                action_for_key
 .text.bitrev16
                0x0000000000005c40       0x50 build/obj/util.o
                0x0000000000005c40                bitrev16
 .text.hook_keyboard_loop
                0x0000000000005c90        0x4 build/obj/hook.o
                0x0000000000005c90                hook_keyboard_loop
 *fill*         0x0000000000005c94        0xc 
 .text.hook_matrix_change
                0x0000000000005ca0        0x8 build/obj/hook.o
                0x0000000000005ca0                hook_matrix_change
 *fill*         0x0000000000005ca8        0x8 
 .text.hook_default_layer_change
                0x0000000000005cb0        0x4 build/obj/hook.o
                0x0000000000005cb0                hook_default_layer_change
 *fill*         0x0000000000005cb4        0xc 
 .text.hook_layer_change
                0x0000000000005cc0        0x4 build/obj/hook.o
                0x0000000000005cc0                hook_layer_change
 *fill*         0x0000000000005cc4        0xc 
 .text.hook_keyboard_leds_change
                0x0000000000005cd0        0x8 build/obj/hook.o
                0x0000000000005cd0                hook_keyboard_leds_change
 *fill*         0x0000000000005cd8        0x8 
 .text.hook_bootmagic
                0x0000000000005ce0        0x4 build/obj/hook.o
                0x0000000000005ce0                hook_bootmagic
 *fill*         0x0000000000005ce4        0xc 
 .text.suspend_power_down
                0x0000000000005cf0        0xc build/obj/suspend.o
                0x0000000000005cf0                suspend_power_down
 *fill*         0x0000000000005cfc        0x4 
 .text.matrix_power_up
                0x0000000000005d00        0x4 build/obj/suspend.o
                0x0000000000005d00                matrix_power_up
 *fill*         0x0000000000005d04        0xc 
 .text.matrix_power_down
                0x0000000000005d10        0x4 build/obj/suspend.o
                0x0000000000005d10                matrix_power_down
 *fill*         0x0000000000005d14        0xc 
 .text.suspend_wakeup_condition
                0x0000000000005d20       0x28 build/obj/suspend.o
                0x0000000000005d20                suspend_wakeup_condition
 *fill*         0x0000000000005d48        0x8 
 .text.suspend_wakeup_init
                0x0000000000005d50       0x20 build/obj/suspend.o
                0x0000000000005d50                suspend_wakeup_init
 .text.uli2a    0x0000000000005d70       0xa8 build/obj/printf.o
 *fill*         0x0000000000005e18        0x8 
 .text.ui2a     0x0000000000005e20       0xa8 build/obj/printf.o
 *fill*         0x0000000000005ec8        0x8 
 .text.putchw   0x0000000000005ed0       0x7c build/obj/printf.o
 *fill*         0x0000000000005f4c        0x4 
 .text.tfp_format
                0x0000000000005f50      0x21c build/obj/printf.o
                0x0000000000005f50                tfp_format
 *fill*         0x000000000000616c        0x4 
 .text.init_printf
                0x0000000000006170       0x14 build/obj/printf.o
                0x0000000000006170                init_printf
 *fill*         0x0000000000006184        0xc 
 .text.tfp_printf
                0x0000000000006190       0x28 build/obj/printf.o
                0x0000000000006190                tfp_printf
 *fill*         0x00000000000061b8        0x8 
 .text.timer_init
                0x00000000000061c0        0x4 build/obj/timer.o
                0x00000000000061c0                timer_init
 *fill*         0x00000000000061c4        0xc 
 .text.timer_read
                0x00000000000061d0       0x4c build/obj/timer.o
                0x00000000000061d0                timer_read
 *fill*         0x000000000000621c        0x4 
 .text.timer_read32
                0x0000000000006220       0x4c build/obj/timer.o
                0x0000000000006220                timer_read32
 *fill*         0x000000000000626c        0x4 
 .text.timer_elapsed
                0x0000000000006270       0x44 build/obj/timer.o
                0x0000000000006270                timer_elapsed
 *fill*         0x00000000000062b4        0xc 
 .text.bootloader_jump
                0x00000000000062c0        0xc build/obj/bootloader.o
                0x00000000000062c0                bootloader_jump
 *fill*         0x00000000000062cc        0x4 
 .text.scan_key
                0x00000000000062d0       0x84 build/obj/bootmagic.o
 *fill*         0x0000000000006354        0xc 
 .text.bootmagic_scan_key
                0x0000000000006360       0x18 build/obj/bootmagic.o
                0x0000000000006360                bootmagic_scan_key
 *fill*         0x0000000000006378        0x8 
 .text.bootmagic
                0x0000000000006380      0x2ac build/obj/bootmagic.o
                0x0000000000006380                bootmagic
 *fill*         0x000000000000662c        0x4 
 .text.eeprom_read_byte
                0x0000000000006630       0x60 build/obj/eeconfig.o
                0x0000000000006630                eeprom_read_byte
 .text.eeprom_write_byte
                0x0000000000006690      0x230 build/obj/eeconfig.o
                0x0000000000006690                eeprom_write_byte
 .text.eeprom_read_word
                0x00000000000068c0       0x18 build/obj/eeconfig.o
                0x00000000000068c0                eeprom_read_word
 *fill*         0x00000000000068d8        0x8 
 .text.eeconfig_init
                0x00000000000068e0       0x34 build/obj/eeconfig.o
                0x00000000000068e0                eeconfig_init
 *fill*         0x0000000000006914        0xc 
 .text.eeconfig_is_enabled
                0x0000000000006920       0x1c build/obj/eeconfig.o
                0x0000000000006920                eeconfig_is_enabled
 *fill*         0x000000000000693c        0x4 
 .text.eeconfig_read_debug
                0x0000000000006940        0xc build/obj/eeconfig.o
                0x0000000000006940                eeconfig_read_debug
 *fill*         0x000000000000694c        0x4 
 .text.eeconfig_write_debug
                0x0000000000006950        0xc build/obj/eeconfig.o
                0x0000000000006950                eeconfig_write_debug
 *fill*         0x000000000000695c        0x4 
 .text.eeconfig_read_default_layer
                0x0000000000006960        0xc build/obj/eeconfig.o
                0x0000000000006960                eeconfig_read_default_layer
 *fill*         0x000000000000696c        0x4 
 .text.eeconfig_write_default_layer
                0x0000000000006970        0xc build/obj/eeconfig.o
                0x0000000000006970                eeconfig_write_default_layer
 *fill*         0x000000000000697c        0x4 
 .text.eeconfig_read_keymap
                0x0000000000006980        0xc build/obj/eeconfig.o
                0x0000000000006980                eeconfig_read_keymap
 *fill*         0x000000000000698c        0x4 
 .text.eeconfig_write_keymap
                0x0000000000006990        0xc build/obj/eeconfig.o
                0x0000000000006990                eeconfig_write_keymap
 *fill*         0x000000000000699c        0x4 
 .text.move_unit
                0x00000000000069a0       0x80 build/obj/mousekey.o
 .text.wheel_unit
                0x0000000000006a20       0x70 build/obj/mousekey.o
 .text.mousekey_on
                0x0000000000006a90      0x104 build/obj/mousekey.o
                0x0000000000006a90                mousekey_on
 *fill*         0x0000000000006b94        0xc 
 .text.mousekey_off
                0x0000000000006ba0      0x120 build/obj/mousekey.o
                0x0000000000006ba0                mousekey_off
 .text.mousekey_send
                0x0000000000006cc0       0xd4 build/obj/mousekey.o
                0x0000000000006cc0                mousekey_send
 *fill*         0x0000000000006d94        0xc 
 .text.mousekey_task
                0x0000000000006da0      0x120 build/obj/mousekey.o
                0x0000000000006da0                mousekey_task
 .text.mousekey_clear
                0x0000000000006ec0       0x24 build/obj/mousekey.o
                0x0000000000006ec0                mousekey_clear
 *fill*         0x0000000000006ee4        0xc 
 .text.mousekey_console_help
                0x0000000000006ef0       0x1c build/obj/command.o
 *fill*         0x0000000000006f0c        0x4 
 .text.mousekey_param_inc
                0x0000000000006f10       0xf8 build/obj/command.o
 *fill*         0x0000000000007008        0x8 
 .text.mousekey_param_dec
                0x0000000000007010       0xf8 build/obj/command.o
 *fill*         0x0000000000007108        0x8 
 .text.switch_default_layer
                0x0000000000007110       0x20 build/obj/command.o
 .text.command_common
                0x0000000000007130      0x434 build/obj/command.o
 *fill*         0x0000000000007564        0xc 
 .text.command_extra
                0x0000000000007570        0x4 build/obj/command.o
                0x0000000000007570                command_extra
 *fill*         0x0000000000007574        0xc 
 .text.command_console_extra
                0x0000000000007580        0x4 build/obj/command.o
                0x0000000000007580                command_console_extra
 *fill*         0x0000000000007584        0xc 
 .text.command_proc
                0x0000000000007590      0x26c build/obj/command.o
                0x0000000000007590                command_proc
 *fill*         0x00000000000077fc        0x4 
 .text.VectorB0
                0x0000000000007800       0x64 build/obj/sleep_led.o
                0x0000000000007800                VectorB0
 *fill*         0x0000000000007864        0xc 
 .text.sleep_led_init
                0x0000000000007870       0x50 build/obj/sleep_led.o
                0x0000000000007870                sleep_led_init
 .text.sleep_led_enable
                0x00000000000078c0       0x10 build/obj/sleep_led.o
                0x00000000000078c0                sleep_led_enable
 .text.sleep_led_disable
                0x00000000000078d0       0x10 build/obj/sleep_led.o
                0x00000000000078d0                sleep_led_disable
 .text.memcpy   0x00000000000078e0       0x88 /usr/local/Caskroom/gcc-arm-embedded/7-2017-q4-major/gcc-arm-none-eabi-7-2017-q4-major/bin/../lib/gcc/arm-none-eabi/7.2.1/../../../../arm-none-eabi/lib/thumb/v6-m/libg.a(lib_a-memcpy-stub.o)
                0x00000000000078e0                memcpy
 .text.memset   0x0000000000007968       0x9c /usr/local/Caskroom/gcc-arm-embedded/7-2017-q4-major/gcc-arm-none-eabi-7-2017-q4-major/bin/../lib/gcc/arm-none-eabi/7.2.1/../../../../arm-none-eabi/lib/thumb/v6-m/libg.a(lib_a-memset.o)
                0x0000000000007968                memset
 *(.glue_7t)
 .glue_7t       0x0000000000007a04        0x0 linker stubs
 *(.glue_7)
 .glue_7        0x0000000000007a04        0x0 linker stubs
 *(.gcc*)

.vfp11_veneer   0x0000000000007a04        0x0
 .vfp11_veneer  0x0000000000007a04        0x0 linker stubs

.v4_bx          0x0000000000007a04        0x0
 .v4_bx         0x0000000000007a04        0x0 linker stubs

.iplt           0x0000000000007a04        0x0
 .iplt          0x0000000000007a04        0x0 build/obj/crt0_v6m.o

.rodata         0x0000000000007a04     0x19b4
                0x0000000000007a04                . = ALIGN (0x4)
                0x0000000000007a04                __rodata_base__ = .
 *(.rodata)
 .rodata        0x0000000000007a04       0x20 build/obj/hal_lld.o
 .rodata        0x0000000000007a24        0xe build/obj/eeconfig.o
 *fill*         0x0000000000007a32        0x2 
 .rodata        0x0000000000007a34       0x40 /usr/local/Caskroom/gcc-arm-embedded/7-2017-q4-major/gcc-arm-none-eabi-7-2017-q4-major/bin/../lib/gcc/arm-none-eabi/7.2.1/thumb/v6-m/libgcc.a(muldf3.o)
 *(.rodata.*)
 .rodata.ram_areas
                0x0000000000007a74       0x80 build/obj/crt1.o
 .rodata.idle_descriptor.5724
                0x0000000000007af4       0x18 build/obj/chsys.o
 .rodata.str1.4
                0x0000000000007b0c        0x5 build/obj/chsys.o
 *fill*         0x0000000000007b11        0x3 
 .rodata._dbg_check_enable.str1.4
                0x0000000000007b14        0x5 build/obj/chdebug.o
 *fill*         0x0000000000007b19        0x3 
 .rodata._dbg_check_enter_isr.str1.4
                0x0000000000007b1c        0x5 build/obj/chdebug.o
 *fill*         0x0000000000007b21        0x3 
 .rodata._dbg_check_leave_isr.str1.4
                0x0000000000007b24        0x5 build/obj/chdebug.o
 *fill*         0x0000000000007b29        0x3 
 .rodata._dbg_check_lock.str1.4
                0x0000000000007b2c        0x5 build/obj/chdebug.o
 *fill*         0x0000000000007b31        0x3 
 .rodata._dbg_check_lock_from_isr.str1.4
                0x0000000000007b34        0x5 build/obj/chdebug.o
 *fill*         0x0000000000007b39        0x3 
 .rodata._dbg_check_unlock.str1.4
                0x0000000000007b3c        0x5 build/obj/chdebug.o
 *fill*         0x0000000000007b41        0x3 
 .rodata._dbg_check_unlock_from_isr.str1.4
                0x0000000000007b44        0x5 build/obj/chdebug.o
 *fill*         0x0000000000007b49        0x3 
 .rodata.chDbgCheckClassI.str1.4
                0x0000000000007b4c        0x6 build/obj/chdebug.o
 *fill*         0x0000000000007b52        0x2 
 .rodata.chDbgCheckClassS.str1.4
                0x0000000000007b54        0x6 build/obj/chdebug.o
 *fill*         0x0000000000007b5a        0x2 
 .rodata.__func__.5725
                0x0000000000007b5c        0xb build/obj/chvt.o
 *fill*         0x0000000000007b67        0x1 
 .rodata.__func__.5732
                0x0000000000007b68        0xd build/obj/chvt.o
 *fill*         0x0000000000007b75        0x3 
 .rodata.wakeup
                0x0000000000007b78       0x20 build/obj/chschd.o
 .rodata.__func__.5722
                0x0000000000007b98        0xc build/obj/chschd.o
 .rodata.__func__.5729
                0x0000000000007ba4       0x11 build/obj/chschd.o
 *fill*         0x0000000000007bb5        0x3 
 .rodata.__func__.5758
                0x0000000000007bb8        0xd build/obj/chschd.o
 *fill*         0x0000000000007bc5        0x3 
 .rodata.chSchGoSleepS.str1.4
                0x0000000000007bc8        0xf build/obj/chschd.o
 *fill*         0x0000000000007bd7        0x1 
 .rodata.__func__.5043
                0x0000000000007bd8        0xc build/obj/chthreads.o
 .rodata.__func__.5232
                0x0000000000007be4        0xc build/obj/chthreads.o
 .rodata.__func__.5244
                0x0000000000007bf0       0x14 build/obj/chthreads.o
 .rodata.__func__.5731
                0x0000000000007c04       0x16 build/obj/chthreads.o
 *fill*         0x0000000000007c1a        0x2 
 .rodata.__func__.5744
                0x0000000000007c1c        0xc build/obj/chthreads.o
 .rodata.__func__.5765
                0x0000000000007c28        0xd build/obj/chthreads.o
 *fill*         0x0000000000007c35        0x3 
 .rodata.__func__.5780
                0x0000000000007c38        0xb build/obj/chthreads.o
 *fill*         0x0000000000007c43        0x1 
 .rodata.__func__.5812
                0x0000000000007c44        0xe build/obj/chthreads.o
 *fill*         0x0000000000007c52        0x2 
 .rodata.__func__.5824
                0x0000000000007c54        0xd build/obj/chthreads.o
 *fill*         0x0000000000007c61        0x3 
 .rodata.__func__.5444
                0x0000000000007c64        0xc build/obj/chregistry.o
 .rodata.__func__.6124
                0x0000000000007c70       0x10 build/obj/chregistry.o
 .rodata.ch_debug
                0x0000000000007c80       0x16 build/obj/chregistry.o
                0x0000000000007c80                ch_debug
 *fill*         0x0000000000007c96        0x2 
 .rodata.__func__.5043
                0x0000000000007c98        0xc build/obj/chmtx.o
 .rodata.__func__.5717
                0x0000000000007ca4       0x10 build/obj/chmtx.o
 .rodata.__func__.5725
                0x0000000000007cb4        0xb build/obj/chmtx.o
 *fill*         0x0000000000007cbf        0x1 
 .rodata.__func__.5748
                0x0000000000007cc0        0xc build/obj/chmtx.o
 .rodata.__func__.5043
                0x0000000000007ccc        0xc build/obj/chmemcore.o
 .rodata.__func__.5728
                0x0000000000007cd8       0x14 build/obj/chmemcore.o
 .rodata.__func__.5747
                0x0000000000007cec        0xb build/obj/chheap.o
 *fill*         0x0000000000007cf7        0x1 
 .rodata.__func__.5043
                0x0000000000007cf8        0xc build/obj/chmempools.o
 .rodata.__func__.5743
                0x0000000000007d04        0xc build/obj/chmempools.o
 .rodata.__func__.5444
                0x0000000000007d10        0xc build/obj/hal_buffers.o
 .rodata.__func__.6887
                0x0000000000007d1c        0xe build/obj/hal_buffers.o
 *fill*         0x0000000000007d2a        0x2 
 .rodata.__func__.6898
                0x0000000000007d2c       0x17 build/obj/hal_buffers.o
 *fill*         0x0000000000007d43        0x1 
 .rodata.__func__.6912
                0x0000000000007d44       0x1a build/obj/hal_buffers.o
 *fill*         0x0000000000007d5e        0x2 
 .rodata.__func__.6921
                0x0000000000007d60       0x13 build/obj/hal_buffers.o
 *fill*         0x0000000000007d73        0x1 
 .rodata._usb_ep0in
                0x0000000000007d74       0x1c build/obj/hal_usb.o
 .rodata._usb_ep0out
                0x0000000000007d90       0x1c build/obj/hal_usb.o
 .rodata.__func__.5444
                0x0000000000007dac        0xc build/obj/hal_usb.o
 .rodata.__func__.6873
                0x0000000000007db8        0x9 build/obj/hal_usb.o
 *fill*         0x0000000000007dc1        0x3 
 .rodata.__func__.6890
                0x0000000000007dc4       0x11 build/obj/hal_usb.o
 *fill*         0x0000000000007dd5        0x3 
 .rodata.__func__.6895
                0x0000000000007dd8       0x15 build/obj/hal_usb.o
 *fill*         0x0000000000007ded        0x3 
 .rodata.__func__.6906
                0x0000000000007df0       0x11 build/obj/hal_usb.o
 *fill*         0x0000000000007e01        0x3 
 .rodata.__func__.6914
                0x0000000000007e04       0x12 build/obj/hal_usb.o
 *fill*         0x0000000000007e16        0x2 
 .rodata.__func__.6972
                0x0000000000007e18        0xb build/obj/hal_usb.o
 *fill*         0x0000000000007e23        0x1 
 .rodata.__func__.6986
                0x0000000000007e24        0xc build/obj/hal_usb.o
 .rodata.active_status
                0x0000000000007e30        0x2 build/obj/hal_usb.o
 *fill*         0x0000000000007e32        0x2 
 .rodata.halted_status
                0x0000000000007e34        0x2 build/obj/hal_usb.o
 *fill*         0x0000000000007e36        0x2 
 .rodata.zero_status
                0x0000000000007e38        0x2 build/obj/hal_usb.o
 *fill*         0x0000000000007e3a        0x2 
 .rodata.__func__.6428
                0x0000000000007e3c       0x1d build/obj/nvic.o
 *fill*         0x0000000000007e59        0x3 
 .rodata._pal_lld_setpadmode
                0x0000000000007e5c       0x5c build/obj/hal_pal_lld.o
 .rodata.__func__.6432
                0x0000000000007eb8       0x14 build/obj/hal_pal_lld.o
 .rodata.ep0config
                0x0000000000007ecc       0x24 build/obj/hal_usb_lld.o
 .rodata.pal_default_config
                0x0000000000007ef0      0x294 build/obj/board.o
                0x0000000000007ef0                pal_default_config
 .rodata.usb_get_descriptor_cb
                0x0000000000008184       0xb4 build/obj/usb_main.o
 .rodata.usb_request_hook_cb
                0x0000000000008238       0x14 build/obj/usb_main.o
 .rodata.__func__.5043
                0x000000000000824c        0xc build/obj/usb_main.o
 .rodata.__func__.7105
                0x0000000000008258       0x11 build/obj/usb_main.o
 *fill*         0x0000000000008269        0x3 
 .rodata.console_ep_config
                0x000000000000826c       0x24 build/obj/usb_main.o
 .rodata.console_hid_descriptor
                0x0000000000008290        0x8 build/obj/usb_main.o
 .rodata.console_hid_report_desc_data
                0x0000000000008298       0x15 build/obj/usb_main.o
 *fill*         0x00000000000082ad        0x3 
 .rodata.console_hid_report_descriptor
                0x00000000000082b0        0x8 build/obj/usb_main.o
 .rodata.extra_ep_config
                0x00000000000082b8       0x24 build/obj/usb_main.o
 .rodata.extra_hid_descriptor
                0x00000000000082dc        0x8 build/obj/usb_main.o
 .rodata.extra_hid_report_desc_data
                0x00000000000082e4       0x31 build/obj/usb_main.o
 *fill*         0x0000000000008315        0x3 
 .rodata.extra_hid_report_descriptor
                0x0000000000008318        0x8 build/obj/usb_main.o
 .rodata.hid_configuration_descriptor
                0x0000000000008320        0x8 build/obj/usb_main.o
 .rodata.hid_configuration_descriptor_data
                0x0000000000008328       0x86 build/obj/usb_main.o
 *fill*         0x00000000000083ae        0x2 
 .rodata.kbd_ep_config
                0x00000000000083b0       0x24 build/obj/usb_main.o
 .rodata.keyboard_hid_descriptor
                0x00000000000083d4        0x8 build/obj/usb_main.o
 .rodata.keyboard_hid_report_desc_data
                0x00000000000083dc       0x40 build/obj/usb_main.o
 .rodata.keyboard_hid_report_descriptor
                0x000000000000841c        0x8 build/obj/usb_main.o
 .rodata.mouse_ep_config
                0x0000000000008424       0x24 build/obj/usb_main.o
 .rodata.mouse_hid_descriptor
                0x0000000000008448        0x8 build/obj/usb_main.o
 .rodata.mouse_hid_report_desc_data
                0x0000000000008450       0x51 build/obj/usb_main.o
 *fill*         0x00000000000084a1        0x3 
 .rodata.mouse_hid_report_descriptor
                0x00000000000084a4        0x8 build/obj/usb_main.o
 .rodata.nkro_ep_config
                0x00000000000084ac       0x24 build/obj/usb_main.o
 .rodata.nkro_hid_descriptor
                0x00000000000084d0        0x8 build/obj/usb_main.o
 .rodata.nkro_hid_report_desc_data
                0x00000000000084d8       0x39 build/obj/usb_main.o
 *fill*         0x0000000000008511        0x3 
 .rodata.nkro_hid_report_descriptor
                0x0000000000008514        0x8 build/obj/usb_main.o
 .rodata.usb_device_descriptor
                0x000000000000851c        0x8 build/obj/usb_main.o
 .rodata.usb_device_descriptor_data
                0x0000000000008524       0x12 build/obj/usb_main.o
 *fill*         0x0000000000008536        0x2 
 .rodata.usb_string_description
                0x0000000000008538       0x22 build/obj/usb_main.o
 *fill*         0x000000000000855a        0x2 
 .rodata.usb_string_langid
                0x000000000000855c        0x4 build/obj/usb_main.o
 .rodata.usb_string_vendor
                0x0000000000008560        0xc build/obj/usb_main.o
 .rodata.usb_strings
                0x000000000000856c       0x20 build/obj/usb_main.o
 .rodata.usbcfg
                0x000000000000858c       0x10 build/obj/usb_main.o
 .rodata.main.str1.4
                0x000000000000859c       0x2c build/obj/main.o
 .rodata.__m.7102
                0x00000000000085c8        0x5 build/obj/keymap_menelaus.o
 *fill*         0x00000000000085cd        0x3 
 .rodata.__m.7104
                0x00000000000085d0        0x5 build/obj/keymap_menelaus.o
 *fill*         0x00000000000085d5        0x3 
 .rodata.__m.7107
                0x00000000000085d8        0x5 build/obj/keymap_menelaus.o
 *fill*         0x00000000000085dd        0x3 
 .rodata.__m.7109
                0x00000000000085e0        0x5 build/obj/keymap_menelaus.o
 *fill*         0x00000000000085e5        0x3 
 .rodata.__m.7112
                0x00000000000085e8        0x5 build/obj/keymap_menelaus.o
 *fill*         0x00000000000085ed        0x3 
 .rodata.__m.7114
                0x00000000000085f0        0x5 build/obj/keymap_menelaus.o
 *fill*         0x00000000000085f5        0x3 
 .rodata.fn_actions
                0x00000000000085f8       0x3a build/obj/keymap_menelaus.o
                0x00000000000085f8                fn_actions
 *fill*         0x0000000000008632        0x2 
 .rodata.keymaps
                0x0000000000008634      0x134 build/obj/keymap_menelaus.o
                0x0000000000008634                keymaps
 .rodata.matrix_print.str1.4
                0x0000000000008768       0x1e build/obj/matrix.o
                                         0x22 (size before relaxing)
 *fill*         0x0000000000008786        0x2 
 .rodata.matrix_scan.str1.4
                0x0000000000008788       0x11 build/obj/matrix.o
                                         0x16 (size before relaxing)
 *fill*         0x0000000000008799        0x3 
 .rodata.host_consumer_send.str1.4
                0x000000000000879c       0x10 build/obj/host.o
 .rodata.host_keyboard_send.str1.4
                0x00000000000087ac       0x12 build/obj/host.o
                                         0x16 (size before relaxing)
 *fill*         0x00000000000087be        0x2 
 .rodata.host_system_send.str1.4
                0x00000000000087c0        0xe build/obj/host.o
 *fill*         0x00000000000087ce        0x2 
 .rodata.keyboard_task.str1.4
                0x00000000000087d0        0xb build/obj/keyboard.o
 *fill*         0x00000000000087db        0x1 
 .rodata.process_action
                0x00000000000087dc      0x110 build/obj/action.o
 .rodata.add_key.str1.4
                0x00000000000088ec       0x1e build/obj/action_util.o
 *fill*         0x000000000000890a        0x2 
 .rodata.del_key.str1.4
                0x000000000000890c       0x1e build/obj/action_util.o
 *fill*         0x000000000000892a        0x2 
 .rodata.__func__.5043
                0x000000000000892c        0xc build/obj/timer.o
 .rodata.bootmagic.str1.4
                0x0000000000008938       0x1f build/obj/bootmagic.o
 *fill*         0x0000000000008957        0x1 
 .rodata.mousekey_send.str1.4
                0x0000000000008958       0x36 build/obj/mousekey.o
                                         0x47 (size before relaxing)
 *fill*         0x000000000000898e        0x2 
 .rodata.mousekey_param_inc
                0x0000000000008990       0x1c build/obj/command.o
 .rodata.mousekey_param_dec
                0x00000000000089ac       0x1c build/obj/command.o
 .rodata.command_common
                0x00000000000089c8      0x10c build/obj/command.o
 .rodata.command_proc
                0x0000000000008ad4      0x1e8 build/obj/command.o
 .rodata.CSWTCH.63
                0x0000000000008cbc        0xa build/obj/command.o
 *fill*         0x0000000000008cc6        0x2 
 .rodata.command_common.str1.4
                0x0000000000008cc8      0x426 build/obj/command.o
                                        0x436 (size before relaxing)
 *fill*         0x00000000000090ee        0x2 
 .rodata.command_proc.str1.4
                0x00000000000090f0       0xab build/obj/command.o
 *fill*         0x000000000000919b        0x1 
 .rodata.mousekey_console_help.str1.4
                0x000000000000919c      0x14a build/obj/command.o
 *fill*         0x00000000000092e6        0x2 
 .rodata.mousekey_param_inc.str1.4
                0x00000000000092e8       0x87 build/obj/command.o
 *fill*         0x000000000000936f        0x1 
 .rodata.switch_default_layer.str1.4
                0x0000000000009370        0x8 build/obj/command.o
                                          0x5 (size before relaxing)
 .rodata.breathing_table
                0x0000000000009378       0x40 build/obj/sleep_led.o
                0x00000000000093b8                . = ALIGN (0x4)
                0x00000000000093b8                __rodata_end__ = .

.rel.dyn        0x00000000000093b8        0x0
 .rel.iplt      0x00000000000093b8        0x0 build/obj/crt0_v6m.o

.ARM.extab
 *(.ARM.extab* .gnu.linkonce.armextab.*)

.ARM.exidx      0x00000000000093b8        0x0
                0x00000000000093b8                __exidx_start = .
 *(.ARM.exidx* .gnu.linkonce.armexidx.*)
                0x00000000000093b8                __exidx_end = .

.eh_frame_hdr
 *(.eh_frame_hdr)

.eh_frame
 *(.eh_frame)
                0x000000001ffff800                __ram0_start__ = ORIGIN (ram0)
                0x0000000000002000                __ram0_size__ = LENGTH (ram0)
                0x0000000020001800                __ram0_end__ = (__ram0_start__ + __ram0_size__)
                0x0000000000000000                __ram1_start__ = ORIGIN (ram1)
                0x0000000000000000                __ram1_size__ = LENGTH (ram1)
                0x0000000000000000                __ram1_end__ = (__ram1_start__ + __ram1_size__)
                0x0000000000000000                __ram2_start__ = ORIGIN (ram2)
                0x0000000000000000                __ram2_size__ = LENGTH (ram2)
                0x0000000000000000                __ram2_end__ = (__ram2_start__ + __ram2_size__)
                0x0000000000000000                __ram3_start__ = ORIGIN (ram3)
                0x0000000000000000                __ram3_size__ = LENGTH (ram3)
                0x0000000000000000                __ram3_end__ = (__ram3_start__ + __ram3_size__)
                0x0000000000000000                __ram4_start__ = ORIGIN (ram4)
                0x0000000000000000                __ram4_size__ = LENGTH (ram4)
                0x0000000000000000                __ram4_end__ = (__ram4_start__ + __ram4_size__)
                0x0000000000000000                __ram5_start__ = ORIGIN (ram5)
                0x0000000000000000                __ram5_size__ = LENGTH (ram5)
                0x0000000000000000                __ram5_end__ = (__ram5_start__ + __ram5_size__)
                0x0000000000000000                __ram6_start__ = ORIGIN (ram6)
                0x0000000000000000                __ram6_size__ = LENGTH (ram6)
                0x0000000000000000                __ram6_end__ = (__ram6_start__ + __ram6_size__)
                0x0000000000000000                __ram7_start__ = ORIGIN (ram7)
                0x0000000000000000                __ram7_size__ = LENGTH (ram7)
                0x0000000000000000                __ram7_end__ = (__ram7_start__ + __ram7_size__)

.data           0x000000001ffffe00       0x40 load address 0x00000000000093b8
                0x000000001ffffe00                . = ALIGN (0x4)
                0x00000000000093b8                PROVIDE (_textdata, LOADADDR (.data))
                0x000000001ffffe00                PROVIDE (_data, .)
                0x00000000000093b8                _textdata_start = LOADADDR (.data)
                0x000000001ffffe00                _data_start = .
 *(.data)
 *(.data.*)
 .data.keyboard_protocol
                0x000000001ffffe00        0x1 build/obj/usb_main.o
                0x000000001ffffe00                keyboard_protocol
 *fill*         0x000000001ffffe01        0x3 
 .data.usb_string_serial
                0x000000001ffffe04       0x16 build/obj/usb_main.o
 *fill*         0x000000001ffffe1a        0x2 
 .data.chibios_driver
                0x000000001ffffe1c       0x14 build/obj/main.o
                0x000000001ffffe1c                chibios_driver
 .data.debouncing
                0x000000001ffffe30        0x1 build/obj/matrix.o
 .data.keyboard_nkro
                0x000000001ffffe31        0x1 build/obj/host.o
                0x000000001ffffe31                keyboard_nkro
 *fill*         0x000000001ffffe32        0x2 
 .data.keyboard_report
                0x000000001ffffe34        0x4 build/obj/action_util.o
                0x000000001ffffe34                keyboard_report
 .data.mk_delay
                0x000000001ffffe38        0x1 build/obj/mousekey.o
                0x000000001ffffe38                mk_delay
 .data.mk_interval
                0x000000001ffffe39        0x1 build/obj/mousekey.o
                0x000000001ffffe39                mk_interval
 .data.mk_max_speed
                0x000000001ffffe3a        0x1 build/obj/mousekey.o
                0x000000001ffffe3a                mk_max_speed
 .data.mk_time_to_max
                0x000000001ffffe3b        0x1 build/obj/mousekey.o
                0x000000001ffffe3b                mk_time_to_max
 .data.mk_wheel_max_speed
                0x000000001ffffe3c        0x1 build/obj/mousekey.o
                0x000000001ffffe3c                mk_wheel_max_speed
 .data.mk_wheel_time_to_max
                0x000000001ffffe3d        0x1 build/obj/mousekey.o
                0x000000001ffffe3d                mk_wheel_time_to_max
 *(.ramtext)
                0x000000001ffffe40                . = ALIGN (0x4)
 *fill*         0x000000001ffffe3e        0x2 
                0x000000001ffffe40                PROVIDE (_edata, .)
                0x000000001ffffe40                _data_end = .

.igot.plt       0x000000001ffffe40        0x0 load address 0x00000000000093f8
 .igot.plt      0x000000001ffffe40        0x0 build/obj/crt0_v6m.o

.bss            0x0000000020000000      0xce0 load address 0x00000000000093f8
                0x0000000020000000                . = ALIGN (0x4)
                0x0000000020000000                _bss_start = .
 *(.bss)
 *(.bss.*)
 .bss.ch_idle_thread_wa
                0x0000000020000000       0xd8 build/obj/chsys.o
                0x0000000020000000                ch_idle_thread_wa
 .bss.ch        0x00000000200000d8       0x7c build/obj/chschd.o
                0x00000000200000d8                ch
 .bss.endmem    0x0000000020000154        0x4 build/obj/chmemcore.o
 .bss.nextmem   0x0000000020000158        0x4 build/obj/chmemcore.o
 *fill*         0x000000002000015c        0x4 
 .bss.default_heap
                0x0000000020000160       0x20 build/obj/chheap.o
 .bss.USBD1     0x0000000020000180       0xe8 build/obj/hal_usb_lld.o
                0x0000000020000180                USBD1
 *fill*         0x0000000020000268      0x198 
 .bss._bdt      0x0000000020000400      0x200 build/obj/hal_usb_lld.o
 .bss._usbb     0x0000000020000600      0x4c0 build/obj/hal_usb_lld.o
 .bss._usbbn    0x0000000020000ac0        0x1 build/obj/hal_usb_lld.o
 *fill*         0x0000000020000ac1        0x3 
 .bss.ep0in     0x0000000020000ac4       0x14 build/obj/hal_usb_lld.o
                0x0000000020000ac4                ep0in
 .bss.ep0out    0x0000000020000ad8       0x14 build/obj/hal_usb_lld.o
                0x0000000020000ad8                ep0out
 .bss.ep0setup_buffer
                0x0000000020000aec        0x8 build/obj/hal_usb_lld.o
 .bss.console_buf_queue
                0x0000000020000af4       0x38 build/obj/usb_main.o
                0x0000000020000af4                console_buf_queue
 .bss.console_ep_state
                0x0000000020000b2c       0x14 build/obj/usb_main.o
 .bss.console_flush_timer
                0x0000000020000b40       0x14 build/obj/usb_main.o
 .bss.console_queue_buffer
                0x0000000020000b54       0x50 build/obj/usb_main.o
 .bss.extra_ep_state
                0x0000000020000ba4       0x14 build/obj/usb_main.o
 .bss.extra_report_blank
                0x0000000020000bb8        0x3 build/obj/usb_main.o
                0x0000000020000bb8                extra_report_blank
 *fill*         0x0000000020000bbb        0x1 
 .bss.kbd_ep_state
                0x0000000020000bbc       0x14 build/obj/usb_main.o
 .bss.keyboard_idle
                0x0000000020000bd0        0x1 build/obj/usb_main.o
                0x0000000020000bd0                keyboard_idle
 *fill*         0x0000000020000bd1        0x3 
 .bss.keyboard_idle_timer
                0x0000000020000bd4       0x14 build/obj/usb_main.o
 .bss.keyboard_led_stats
                0x0000000020000be8        0x2 build/obj/usb_main.o
                0x0000000020000be8                keyboard_led_stats
 *fill*         0x0000000020000bea        0x2 
 .bss.keyboard_report_sent
                0x0000000020000bec       0x10 build/obj/usb_main.o
                0x0000000020000bec                keyboard_report_sent
 .bss.mouse_ep_state
                0x0000000020000bfc       0x14 build/obj/usb_main.o
 .bss.mouse_report_blank
                0x0000000020000c10        0x5 build/obj/usb_main.o
                0x0000000020000c10                mouse_report_blank
 *fill*         0x0000000020000c15        0x3 
 .bss.nkro_ep_state
                0x0000000020000c18       0x14 build/obj/usb_main.o
 .bss.matrix    0x0000000020000c2c        0x8 build/obj/matrix.o
 .bss.matrix_debouncing
                0x0000000020000c34        0x8 build/obj/matrix.o
 .bss.driver    0x0000000020000c3c        0x4 build/obj/host.o
 .bss.last_consumer_report
                0x0000000020000c40        0x2 build/obj/host.o
 .bss.last_system_report
                0x0000000020000c42        0x2 build/obj/host.o
 .bss.led_status.7206
                0x0000000020000c44        0x1 build/obj/keyboard.o
 *fill*         0x0000000020000c45        0x3 
 .bss.matrix_prev.7205
                0x0000000020000c48        0x8 build/obj/keyboard.o
 .bss.tapping_key
                0x0000000020000c50        0x8 build/obj/action_tapping.o
 .bss.waiting_buffer
                0x0000000020000c58       0x40 build/obj/action_tapping.o
 .bss.waiting_buffer_head
                0x0000000020000c98        0x1 build/obj/action_tapping.o
 .bss.waiting_buffer_tail
                0x0000000020000c99        0x1 build/obj/action_tapping.o
 *fill*         0x0000000020000c9a        0x2 
 .bss.default_layer_state
                0x0000000020000c9c        0x4 build/obj/action_layer.o
                0x0000000020000c9c                default_layer_state
 .bss.layer_state
                0x0000000020000ca0        0x4 build/obj/action_layer.o
                0x0000000020000ca0                layer_state
 .bss.__compound_literal.0
                0x0000000020000ca4       0x10 build/obj/action_util.o
 .bss.oneshot_mods
                0x0000000020000cb4        0x1 build/obj/action_util.o
 .bss.real_mods
                0x0000000020000cb5        0x1 build/obj/action_util.o
 .bss.weak_mods
                0x0000000020000cb6        0x1 build/obj/action_util.o
 *fill*         0x0000000020000cb7        0x1 
 .bss.debug_config
                0x0000000020000cb8        0x1 build/obj/debug.o
                0x0000000020000cb8                debug_config
 *fill*         0x0000000020000cb9        0x3 
 .bss.stdout_putf
                0x0000000020000cbc        0x4 build/obj/printf.o
 .bss.stdout_putp
                0x0000000020000cc0        0x4 build/obj/printf.o
 .bss.keymap_config
                0x0000000020000cc4        0x1 build/obj/bootmagic.o
                0x0000000020000cc4                keymap_config
 *fill*         0x0000000020000cc5        0x3 
 .bss.flashend  0x0000000020000cc8        0x4 build/obj/eeconfig.o
 .bss.last_timer
                0x0000000020000ccc        0x2 build/obj/mousekey.o
 *fill*         0x0000000020000cce        0x2 
 .bss.mouse_report
                0x0000000020000cd0        0x5 build/obj/mousekey.o
 .bss.mousekey_accel
                0x0000000020000cd5        0x1 build/obj/mousekey.o
 .bss.mousekey_repeat
                0x0000000020000cd6        0x1 build/obj/mousekey.o
 .bss.command_state
                0x0000000020000cd7        0x1 build/obj/command.o
                0x0000000020000cd7                command_state
 .bss.mousekey_param
                0x0000000020000cd8        0x1 build/obj/command.o
 .bss.sleep_led_test.7277
                0x0000000020000cd9        0x1 build/obj/command.o
 *fill*         0x0000000020000cda        0x2 
 .bss.timer.6442
                0x0000000020000cdc        0x2 build/obj/sleep_led.o
 *(COMMON)
                0x0000000020000ce0                . = ALIGN (0x4)
 *fill*         0x0000000020000cde        0x2 
                0x0000000020000ce0                _bss_end = .
                [!provide]                        PROVIDE (end, .)

.ram0_init      0x0000000020000ce0        0x0 load address 0x00000000000093f8
                0x0000000020000ce0                . = ALIGN (0x4)
                0x00000000000093f8                __ram0_init_text__ = LOADADDR (.ram0_init)
                0x0000000020000ce0                __ram0_init__ = .
 *(.ram0_init)
 *(.ram0_init.*)
                0x0000000020000ce0                . = ALIGN (0x4)

.ram0           0x0000000020000ce0        0x0 load address 0x00000000000093f8
                0x0000000020000ce0                . = ALIGN (0x4)
                0x0000000020000ce0                __ram0_clear__ = .
 *(.ram0_clear)
 *(.ram0_clear.*)
                0x0000000020000ce0                . = ALIGN (0x4)
                0x0000000020000ce0                __ram0_noinit__ = .
 *(.ram0)
 *(.ram0.*)
                0x0000000020000ce0                . = ALIGN (0x4)
                0x0000000020000ce0                __ram0_free__ = .

.ram1_init      0x0000000000000000        0x0 load address 0x00000000000093f8
                0x0000000000000000                . = ALIGN (0x4)
                0x00000000000093f8                __ram1_init_text__ = LOADADDR (.ram1_init)
                0x0000000000000000                __ram1_init__ = .
 *(.ram1_init)
 *(.ram1_init.*)
                0x0000000000000000                . = ALIGN (0x4)

.ram1           0x0000000000000000        0x0 load address 0x00000000000093f8
                0x0000000000000000                . = ALIGN (0x4)
                0x0000000000000000                __ram1_clear__ = .
 *(.ram1_clear)
 *(.ram1_clear.*)
                0x0000000000000000                . = ALIGN (0x4)
                0x0000000000000000                __ram1_noinit__ = .
 *(.ram1)
 *(.ram1.*)
                0x0000000000000000                . = ALIGN (0x4)
                0x0000000000000000                __ram1_free__ = .

.ram2_init      0x0000000000000000        0x0 load address 0x00000000000093f8
                0x0000000000000000                . = ALIGN (0x4)
                0x00000000000093f8                __ram2_init_text__ = LOADADDR (.ram2_init)
                0x0000000000000000                __ram2_init__ = .
 *(.ram2_init)
 *(.ram2_init.*)
                0x0000000000000000                . = ALIGN (0x4)

.ram2           0x0000000000000000        0x0 load address 0x00000000000093f8
                0x0000000000000000                . = ALIGN (0x4)
                0x0000000000000000                __ram2_clear__ = .
 *(.ram2_clear)
 *(.ram2_clear.*)
                0x0000000000000000                . = ALIGN (0x4)
                0x0000000000000000                __ram2_noinit__ = .
 *(.ram2)
 *(.ram2.*)
                0x0000000000000000                . = ALIGN (0x4)
                0x0000000000000000                __ram2_free__ = .

.ram3_init      0x0000000000000000        0x0 load address 0x00000000000093f8
                0x0000000000000000                . = ALIGN (0x4)
                0x00000000000093f8                __ram3_init_text__ = LOADADDR (.ram3_init)
                0x0000000000000000                __ram3_init__ = .
 *(.ram3_init)
 *(.ram3_init.*)
                0x0000000000000000                . = ALIGN (0x4)

.ram3           0x0000000000000000        0x0 load address 0x00000000000093f8
                0x0000000000000000                . = ALIGN (0x4)
                0x0000000000000000                __ram3_clear__ = .
 *(.ram3_clear)
 *(.ram3_clear.*)
                0x0000000000000000                . = ALIGN (0x4)
                0x0000000000000000                __ram3_noinit__ = .
 *(.ram3)
 *(.ram3.*)
                0x0000000000000000                . = ALIGN (0x4)
                0x0000000000000000                __ram3_free__ = .

.ram4_init      0x0000000000000000        0x0 load address 0x00000000000093f8
                0x0000000000000000                . = ALIGN (0x4)
                0x00000000000093f8                __ram4_init_text__ = LOADADDR (.ram4_init)
                0x0000000000000000                __ram4_init__ = .
 *(.ram4_init)
 *(.ram4_init.*)
                0x0000000000000000                . = ALIGN (0x4)

.ram4           0x0000000000000000        0x0 load address 0x00000000000093f8
                0x0000000000000000                . = ALIGN (0x4)
                0x0000000000000000                __ram4_clear__ = .
 *(.ram4_clear)
 *(.ram4_clear.*)
                0x0000000000000000                . = ALIGN (0x4)
                0x0000000000000000                __ram4_noinit__ = .
 *(.ram4)
 *(.ram4.*)
                0x0000000000000000                . = ALIGN (0x4)
                0x0000000000000000                __ram4_free__ = .

.ram5_init      0x0000000000000000        0x0 load address 0x00000000000093f8
                0x0000000000000000                . = ALIGN (0x4)
                0x00000000000093f8                __ram5_init_text__ = LOADADDR (.ram5_init)
                0x0000000000000000                __ram5_init__ = .
 *(.ram5_init)
 *(.ram5_init.*)
                0x0000000000000000                . = ALIGN (0x4)

.ram5           0x0000000000000000        0x0 load address 0x00000000000093f8
                0x0000000000000000                . = ALIGN (0x4)
                0x0000000000000000                __ram5_clear__ = .
 *(.ram5_clear)
 *(.ram5_clear.*)
                0x0000000000000000                . = ALIGN (0x4)
                0x0000000000000000                __ram5_noinit__ = .
 *(.ram5)
 *(.ram5.*)
                0x0000000000000000                . = ALIGN (0x4)
                0x0000000000000000                __ram5_free__ = .

.ram6_init      0x0000000000000000        0x0 load address 0x00000000000093f8
                0x0000000000000000                . = ALIGN (0x4)
                0x00000000000093f8                __ram6_init_text__ = LOADADDR (.ram6_init)
                0x0000000000000000                __ram6_init__ = .
 *(.ram6_init)
 *(.ram6_init.*)
                0x0000000000000000                . = ALIGN (0x4)

.ram6           0x0000000000000000        0x0 load address 0x00000000000093f8
                0x0000000000000000                . = ALIGN (0x4)
                0x0000000000000000                __ram6_clear__ = .
 *(.ram6_clear)
 *(.ram6_clear.*)
                0x0000000000000000                . = ALIGN (0x4)
                0x0000000000000000                __ram6_noinit__ = .
 *(.ram6)
 *(.ram6.*)
                0x0000000000000000                . = ALIGN (0x4)
                0x0000000000000000                __ram6_free__ = .

.ram7_init      0x0000000000000000        0x0 load address 0x00000000000093f8
                0x0000000000000000                . = ALIGN (0x4)
                0x00000000000093f8                __ram7_init_text__ = LOADADDR (.ram7_init)
                0x0000000000000000                __ram7_init__ = .
 *(.ram7_init)